This is cutadapt 4.4 with Python 3.12.3
Command line parameters: -a AGATCGGAAGAGCACACGTCTGAACTCCAGTCA -A AGATCGGAAGAGCGTCGTGTAGGGAAAGAGTGT -q 20,20 --minimum-length 30 -j 4 -o analyses/04_rnaseq/trimming/ERR1797972.subsampled_1.trimmed.fastq.gz -p analyses/04_rnaseq/trimming/ERR1797972.subsampled_2.trimmed.fastq.gz data/raw/transcriptome/0.Raw-data/ERR1797972.subsampled_1.fastq.gz data/raw/transcriptome/0.Raw-data/ERR1797972.subsampled_2.fastq.gz
Processing paired-end reads on 4 cores ...
Finished in 4.012 s (14.799 µs/read; 4.05 M reads/minute).

=== Summary ===

Total read pairs processed:            271,093
  Read 1 with adapter:                 145,939 (53.8%)
  Read 2 with adapter:                 141,777 (52.3%)

== Read fate breakdown ==
Pairs that were too short:              11,755 (4.3%)
Pairs written (passing filters):       259,338 (95.7%)

Total basepairs processed:    54,218,600 bp
  Read 1:    27,109,300 bp
  Read 2:    27,109,300 bp
Quality-trimmed:               1,001,134 bp (1.8%)
  Read 1:       223,532 bp
  Read 2:       777,602 bp
Total written (filtered):     42,814,577 bp (79.0%)
  Read 1:    21,453,879 bp
  Read 2:    21,360,698 bp

=== First read: Adapter 1 ===

Sequence: AGATCGGAAGAGCACACGTCTGAACTCCAGTCA; Type: regular 3'; Length: 33; Trimmed: 145939 times

Minimum overlap: 3
No. of allowed errors:
1-9 bp: 0; 10-19 bp: 1; 20-29 bp: 2; 30-33 bp: 3

Bases preceding removed adapters:
  A: 35.1%
  C: 31.7%
  G: 20.8%
  T: 12.3%
  none/other: 0.1%

Overview of removed sequences
length	count	expect	max.err	error counts
3	4902	4235.8	0	4902
4	2845	1059.0	0	2845
5	2393	264.7	0	2393
6	2247	66.2	0	2247
7	2220	16.5	0	2220
8	2293	4.1	0	2293
9	2204	1.0	0	2190 14
10	2200	0.3	1	2159 41
11	2208	0.1	1	2163 45
12	1997	0.0	1	1955 42
13	2041	0.0	1	1982 59
14	2129	0.0	1	2074 55
15	2147	0.0	1	2073 74
16	2386	0.0	1	2292 94
17	2707	0.0	1	2597 110
18	2334	0.0	1	2242 91 1
19	2380	0.0	1	2290 86 4
20	2345	0.0	2	2240 102 3
21	2235	0.0	2	2124 103 8
22	2243	0.0	2	2111 121 11
23	2125	0.0	2	2022 92 11
24	2330	0.0	2	2196 128 6
25	2230	0.0	2	2120 104 6
26	2421	0.0	2	2284 133 4
27	2338	0.0	2	2176 138 23 1
28	2226	0.0	2	2085 127 10 4
29	2363	0.0	2	2182 174 7
30	2235	0.0	3	2086 136 8 5
31	2164	0.0	3	2009 147 6 2
32	2420	0.0	3	2228 177 11 4
33	2159	0.0	3	2005 145 8 1
34	2270	0.0	3	2112 138 15 5
35	2320	0.0	3	2165 142 10 3
36	2290	0.0	3	2103 171 14 2
37	2603	0.0	3	2355 223 22 3
38	3109	0.0	3	2866 216 22 5
39	2923	0.0	3	2670 218 30 5
40	3029	0.0	3	2757 240 30 2
41	2848	0.0	3	2627 205 13 3
42	2316	0.0	3	2157 141 16 2
43	1634	0.0	3	1501 122 9 2
44	1637	0.0	3	1487 133 16 1
45	1898	0.0	3	1747 140 10 1
46	1848	0.0	3	1688 143 16 1
47	1868	0.0	3	1697 147 20 4
48	1967	0.0	3	1817 133 14 3
49	2003	0.0	3	1842 145 16
50	1841	0.0	3	1704 126 9 2
51	1609	0.0	3	1467 131 9 2
52	1735	0.0	3	1586 135 13 1
53	1905	0.0	3	1756 123 23 3
54	1514	0.0	3	1397 104 13
55	1643	0.0	3	1507 123 9 4
56	1723	0.0	3	1579 129 13 2
57	1776	0.0	3	1641 123 10 2
58	1333	0.0	3	1216 108 7 2
59	1277	0.0	3	1172 91 13 1
60	1235	0.0	3	1134 95 5 1
61	1292	0.0	3	1200 88 3 1
62	1302	0.0	3	1188 106 6 2
63	1256	0.0	3	1151 98 6 1
64	1610	0.0	3	1490 110 9 1
65	1133	0.0	3	1030 97 3 3
66	873	0.0	3	805 58 8 2
67	961	0.0	3	874 80 7
68	1180	0.0	3	1074 95 8 3
69	1025	0.0	3	948 68 9
70	939	0.0	3	860 75 3 1
71	1129	0.0	3	1019 98 11 1
72	1480	0.0	3	1320 145 13 2
73	1916	0.0	3	1729 182 4 1
74	1927	0.0	3	1857 70
75	144	0.0	3	131 13
76	30	0.0	3	28 2
77	11	0.0	3	11
78	12	0.0	3	9 3
79	6	0.0	3	4 2
80	2	0.0	3	2
81	5	0.0	3	4 0 0 1
82	4	0.0	3	4
83	1	0.0	3	1
84	5	0.0	3	5
85	5	0.0	3	4 1
86	5	0.0	3	4 1
87	6	0.0	3	6
88	5	0.0	3	5
89	4	0.0	3	4
90	2	0.0	3	2
91	1	0.0	3	0 1
92	10	0.0	3	6 4
93	9	0.0	3	7 2
94	7	0.0	3	7
95	13	0.0	3	12 1
96	2	0.0	3	1 1
97	1	0.0	3	1
98	3	0.0	3	2 1
99	2	0.0	3	1 1


=== Second read: Adapter 2 ===

Sequence: AGATCGGAAGAGCGTCGTGTAGGGAAAGAGTGT; Type: regular 3'; Length: 33; Trimmed: 141777 times

Minimum overlap: 3
No. of allowed errors:
1-9 bp: 0; 10-19 bp: 1; 20-29 bp: 2; 30-33 bp: 3

Bases preceding removed adapters:
  A: 21.3%
  C: 19.6%
  G: 24.3%
  T: 34.7%
  none/other: 0.1%

Overview of removed sequences
length	count	expect	max.err	error counts
3	3785	4235.8	0	3785
4	2696	1059.0	0	2696
5	2418	264.7	0	2418
6	2312	66.2	0	2312
7	2230	16.5	0	2230
8	2322	4.1	0	2322
9	2307	1.0	0	2284 23
10	2243	0.3	1	2197 46
11	2245	0.1	1	2187 58
12	2122	0.0	1	2064 58
13	2125	0.0	1	2061 64
14	2220	0.0	1	2158 62
15	2120	0.0	1	2051 69
16	2361	0.0	1	2282 79
17	2683	0.0	1	2583 100
18	2191	0.0	1	2078 111 2
19	2358	0.0	1	2256 101 1
20	2252	0.0	2	2137 110 5
21	2137	0.0	2	2027 108 2
22	2169	0.0	2	2041 124 4
23	2172	0.0	2	2043 124 5
24	2384	0.0	2	2228 151 5
25	2206	0.0	2	2064 135 7
26	2400	0.0	2	2246 148 6
27	2297	0.0	2	2135 157 5
28	2194	0.0	2	2039 150 4 1
29	2326	0.0	2	2153 164 8 1
30	2543	0.0	3	2386 152 5
31	1895	0.0	3	1757 130 6 2
32	2292	0.0	3	2120 159 11 2
33	1928	0.0	3	1782 137 7 2
34	2151	0.0	3	1972 165 14
35	2203	0.0	3	2041 145 15 2
36	2169	0.0	3	1993 169 7
37	2510	0.0	3	2294 205 9 2
38	2911	0.0	3	2645 246 16 4
39	2746	0.0	3	2521 204 13 8
40	2837	0.0	3	2592 222 20 3
41	2239	0.0	3	2044 177 18
42	2323	0.0	3	2140 169 14
43	2087	0.0	3	1930 142 13 2
44	2072	0.0	3	1901 159 9 3
45	2210	0.0	3	2035 163 9 3
46	1739	0.0	3	1599 130 10
47	1811	0.0	3	1679 126 6
48	1878	0.0	3	1737 134 4 3
49	1790	0.0	3	1655 126 7 2
50	1704	0.0	3	1575 120 7 2
51	1502	0.0	3	1381 109 12
52	1465	0.0	3	1353 105 5 2
53	1622	0.0	3	1505 114 2 1
54	1506	0.0	3	1418 82 6
55	1609	0.0	3	1495 105 6 3
56	1647	0.0	3	1538 99 10
57	1677	0.0	3	1542 128 7
58	1399	0.0	3	1271 122 5 1
59	1279	0.0	3	1177 92 8 2
60	1287	0.0	3	1197 82 6 2
61	1418	0.0	3	1309 99 7 3
62	1490	0.0	3	1359 121 10
63	1580	0.0	3	1450 124 6
64	1813	0.0	3	1654 141 15 3
65	1725	0.0	3	1559 152 13 1
66	2430	0.0	3	2224 193 13
67	2667	0.0	3	2429 233 5
68	3919	0.0	3	3796 121 1 1
69	292	0.0	3	261 31
70	24	0.0	3	22 2
71	9	0.0	3	6 3
72	5	0.0	3	5
73	8	0.0	3	7 1
74	6	0.0	3	5 1
75	4	0.0	3	4
76	4	0.0	3	3 1
77	8	0.0	3	7 1
78	6	0.0	3	4 2
79	4	0.0	3	3 1
80	6	0.0	3	6
81	3	0.0	3	3
82	4	0.0	3	4
83	3	0.0	3	3
84	2	0.0	3	2
85	2	0.0	3	2
86	3	0.0	3	3
87	3	0.0	3	3
88	2	0.0	3	1 1
89	3	0.0	3	3
90	3	0.0	3	3
91	2	0.0	3	2
92	3	0.0	3	3
93	1	0.0	3	1
94	5	0.0	3	5
95	8	0.0	3	7 0 1
96	3	0.0	3	2 1
99	1	0.0	3	1
100	2	0.0	3	2
