This is cutadapt 4.4 with Python 3.12.3
Command line parameters: -a AGATCGGAAGAGCACACGTCTGAACTCCAGTCA -A AGATCGGAAGAGCGTCGTGTAGGGAAAGAGTGT -q 20,20 --minimum-length 30 -j 4 -o analyses/04_rnaseq/trimming/ERR1797970.subsampled_1.trimmed.fastq.gz -p analyses/04_rnaseq/trimming/ERR1797970.subsampled_2.trimmed.fastq.gz data/raw/transcriptome/0.Raw-data/ERR1797970.subsampled_1.fastq.gz data/raw/transcriptome/0.Raw-data/ERR1797970.subsampled_2.fastq.gz
Processing paired-end reads on 4 cores ...
Finished in 3.550 s (13.317 µs/read; 4.51 M reads/minute).

=== Summary ===

Total read pairs processed:            266,601
  Read 1 with adapter:                 132,259 (49.6%)
  Read 2 with adapter:                 128,465 (48.2%)

== Read fate breakdown ==
Pairs that were too short:              11,118 (4.2%)
Pairs written (passing filters):       255,483 (95.8%)

Total basepairs processed:    53,320,200 bp
  Read 1:    26,660,100 bp
  Read 2:    26,660,100 bp
Quality-trimmed:                 960,545 bp (1.8%)
  Read 1:       221,351 bp
  Read 2:       739,194 bp
Total written (filtered):     42,719,947 bp (80.1%)
  Read 1:    21,401,087 bp
  Read 2:    21,318,860 bp

=== First read: Adapter 1 ===

Sequence: AGATCGGAAGAGCACACGTCTGAACTCCAGTCA; Type: regular 3'; Length: 33; Trimmed: 132259 times

Minimum overlap: 3
No. of allowed errors:
1-9 bp: 0; 10-19 bp: 1; 20-29 bp: 2; 30-33 bp: 3

Bases preceding removed adapters:
  A: 29.8%
  C: 32.8%
  G: 20.6%
  T: 16.6%
  none/other: 0.1%

Overview of removed sequences
length	count	expect	max.err	error counts
3	4944	4165.6	0	4944
4	3138	1041.4	0	3138
5	2754	260.4	0	2754
6	1995	65.1	0	1995
7	1678	16.3	0	1678
8	1761	4.1	0	1761
9	1902	1.0	0	1885 17
10	1811	0.3	1	1777 34
11	1703	0.1	1	1674 29
12	1574	0.0	1	1546 28
13	1531	0.0	1	1488 43
14	1594	0.0	1	1555 39
15	1545	0.0	1	1490 55
16	1820	0.0	1	1758 62
17	1853	0.0	1	1778 75
18	1769	0.0	1	1709 59 1
19	1561	0.0	1	1481 77 3
20	1536	0.0	2	1463 69 4
21	1430	0.0	2	1360 68 2
22	1535	0.0	2	1453 78 4
23	1397	0.0	2	1330 63 4
24	1609	0.0	2	1526 80 3
25	1567	0.0	2	1484 78 5
26	1743	0.0	2	1655 87 1
27	1517	0.0	2	1434 79 3 1
28	1556	0.0	2	1455 98 3
29	1606	0.0	2	1496 102 6 2
30	1684	0.0	3	1567 105 11 1
31	1673	0.0	3	1549 115 8 1
32	2733	0.0	3	2544 171 16 2
33	1833	0.0	3	1693 130 9 1
34	2006	0.0	3	1871 125 9 1
35	2127	0.0	3	1959 149 14 5
36	2311	0.0	3	2146 155 6 4
37	4591	0.0	3	4246 311 29 5
38	5625	0.0	3	5202 390 24 9
39	5386	0.0	3	4997 345 31 13
40	5111	0.0	3	4706 357 47 1
41	2815	0.0	3	2587 211 15 2
42	2328	0.0	3	2202 119 5 2
43	1169	0.0	3	1067 91 7 4
44	1118	0.0	3	1027 89 2
45	1532	0.0	3	1414 110 6 2
46	1504	0.0	3	1375 117 8 4
47	1496	0.0	3	1379 103 14
48	1507	0.0	3	1393 101 13
49	1617	0.0	3	1497 115 5
50	1734	0.0	3	1584 137 11 2
51	1509	0.0	3	1383 116 8 2
52	1517	0.0	3	1391 113 12 1
53	1782	0.0	3	1641 132 8 1
54	1503	0.0	3	1392 102 8 1
55	1371	0.0	3	1267 91 12 1
56	1597	0.0	3	1478 103 13 3
57	1796	0.0	3	1669 114 8 5
58	1075	0.0	3	992 78 5
59	995	0.0	3	926 61 4 4
60	969	0.0	3	888 72 9
61	886	0.0	3	808 72 6
62	1003	0.0	3	912 87 4
63	999	0.0	3	913 79 4 3
64	1476	0.0	3	1345 116 14 1
65	918	0.0	3	845 69 2 2
66	755	0.0	3	703 46 5 1
67	839	0.0	3	767 63 7 2
68	1042	0.0	3	961 74 6 1
69	863	0.0	3	799 61 3
70	813	0.0	3	743 66 4
71	1174	0.0	3	1081 81 10 2
72	1214	0.0	3	1104 98 10 2
73	1738	0.0	3	1601 133 3 1
74	1812	0.0	3	1761 50 1
75	128	0.0	3	118 10
76	19	0.0	3	17 2
77	4	0.0	3	4
78	7	0.0	3	7
79	1	0.0	3	1
80	5	0.0	3	4 0 1
81	8	0.0	3	7 1
82	1	0.0	3	1
83	4	0.0	3	4
84	4	0.0	3	4
85	6	0.0	3	5 1
86	7	0.0	3	4 3
87	4	0.0	3	4
88	6	0.0	3	5 1
89	10	0.0	3	10
90	1	0.0	3	1
91	11	0.0	3	10 1
92	6	0.0	3	6
93	10	0.0	3	9 0 1
94	15	0.0	3	13 1 1
95	13	0.0	3	13
96	4	0.0	3	3 1
98	4	0.0	3	3 1
99	3	0.0	3	3
100	3	0.0	3	3


=== Second read: Adapter 2 ===

Sequence: AGATCGGAAGAGCGTCGTGTAGGGAAAGAGTGT; Type: regular 3'; Length: 33; Trimmed: 128465 times

Minimum overlap: 3
No. of allowed errors:
1-9 bp: 0; 10-19 bp: 1; 20-29 bp: 2; 30-33 bp: 3

Bases preceding removed adapters:
  A: 18.9%
  C: 20.4%
  G: 22.3%
  T: 38.3%
  none/other: 0.1%

Overview of removed sequences
length	count	expect	max.err	error counts
3	3985	4165.6	0	3985
4	2938	1041.4	0	2938
5	2756	260.4	0	2756
6	1997	65.1	0	1997
7	1705	16.3	0	1705
8	1742	4.1	0	1742
9	1934	1.0	0	1908 26
10	1837	0.3	1	1802 35
11	1743	0.1	1	1707 36
12	1692	0.0	1	1650 42
13	1623	0.0	1	1576 47
14	1634	0.0	1	1584 50
15	1543	0.0	1	1483 60
16	1779	0.0	1	1704 75
17	1839	0.0	1	1776 63
18	1651	0.0	1	1603 48
19	1591	0.0	1	1523 68
20	1503	0.0	2	1420 78 5
21	1372	0.0	2	1297 73 2
22	1512	0.0	2	1417 93 2
23	1466	0.0	2	1393 71 2
24	1668	0.0	2	1575 88 5
25	1559	0.0	2	1464 91 4
26	1732	0.0	2	1622 107 3
27	1518	0.0	2	1438 74 6
28	1593	0.0	2	1475 109 9
29	1583	0.0	2	1455 123 5
30	1951	0.0	3	1846 98 7
31	1503	0.0	3	1378 112 12 1
32	2615	0.0	3	2447 157 11
33	1641	0.0	3	1497 135 7 2
34	1851	0.0	3	1703 137 9 2
35	1959	0.0	3	1800 149 9 1
36	2184	0.0	3	2015 159 10
37	4364	0.0	3	4009 332 17 6
38	5342	0.0	3	4905 403 26 8
39	5159	0.0	3	4751 377 26 5
40	4732	0.0	3	4358 350 23 1
41	2210	0.0	3	2018 181 11
42	2161	0.0	3	1943 208 9 1
43	1763	0.0	3	1609 139 14 1
44	1509	0.0	3	1376 125 6 2
45	1850	0.0	3	1691 141 18
46	1386	0.0	3	1271 104 9 2
47	1499	0.0	3	1377 117 4 1
48	1461	0.0	3	1341 110 10
49	1461	0.0	3	1359 97 4 1
50	1645	0.0	3	1525 114 5 1
51	1489	0.0	3	1387 99 3
52	1280	0.0	3	1177 94 9
53	1537	0.0	3	1388 143 6
54	1494	0.0	3	1375 110 5 4
55	1360	0.0	3	1234 112 12 2
56	1564	0.0	3	1445 115 4
57	1721	0.0	3	1582 127 9 3
58	1137	0.0	3	1044 86 6 1
59	1027	0.0	3	947 74 5 1
60	1024	0.0	3	933 89 2
61	974	0.0	3	890 76 7 1
62	1150	0.0	3	1058 83 8 1
63	1252	0.0	3	1150 94 7 1
64	1668	0.0	3	1522 133 11 2
65	1494	0.0	3	1353 132 7 2
66	2261	0.0	3	2091 153 16 1
67	2454	0.0	3	2216 236 2
68	3416	0.0	3	3317 98 1
69	288	0.0	3	250 37 1
70	25	0.0	3	22 3
71	8	0.0	3	8
72	6	0.0	3	5 1
73	1	0.0	3	1
74	6	0.0	3	5 1
75	2	0.0	3	2
76	3	0.0	3	2 1
77	4	0.0	3	3 1
78	5	0.0	3	4 1
79	5	0.0	3	5
80	3	0.0	3	3
81	2	0.0	3	2
82	2	0.0	3	2
83	3	0.0	3	2 1
84	2	0.0	3	1 1
85	3	0.0	3	2 1
86	5	0.0	3	5
87	2	0.0	3	2
88	4	0.0	3	4
89	6	0.0	3	5 1
90	4	0.0	3	3 1
91	4	0.0	3	2 1 1
92	4	0.0	3	3 1
93	5	0.0	3	5
94	7	0.0	3	6 0 1
95	7	0.0	3	6 1
96	2	0.0	3	2
97	1	0.0	3	0 1
99	2	0.0	3	2
100	1	0.0	3	1
