This is cutadapt 4.4 with Python 3.12.3
Command line parameters: -a AGATCGGAAGAGCACACGTCTGAACTCCAGTCA -A AGATCGGAAGAGCGTCGTGTAGGGAAAGAGTGT -q 20,20 --minimum-length 30 -j 4 -o analyses/04_rnaseq/trimming/ERR1797969.subsampled_1.trimmed.fastq.gz -p analyses/04_rnaseq/trimming/ERR1797969.subsampled_2.trimmed.fastq.gz data/raw/transcriptome/0.Raw-data/ERR1797969.subsampled_1.fastq.gz data/raw/transcriptome/0.Raw-data/ERR1797969.subsampled_2.fastq.gz
Processing paired-end reads on 4 cores ...
Finished in 3.856 s (14.853 µs/read; 4.04 M reads/minute).

=== Summary ===

Total read pairs processed:            259,647
  Read 1 with adapter:                 143,193 (55.1%)
  Read 2 with adapter:                 139,526 (53.7%)

== Read fate breakdown ==
Pairs that were too short:               9,734 (3.7%)
Pairs written (passing filters):       249,913 (96.3%)

Total basepairs processed:    51,929,400 bp
  Read 1:    25,964,700 bp
  Read 2:    25,964,700 bp
Quality-trimmed:                 921,322 bp (1.8%)
  Read 1:       218,587 bp
  Read 2:       702,735 bp
Total written (filtered):     40,844,599 bp (78.7%)
  Read 1:    20,456,577 bp
  Read 2:    20,388,022 bp

=== First read: Adapter 1 ===

Sequence: AGATCGGAAGAGCACACGTCTGAACTCCAGTCA; Type: regular 3'; Length: 33; Trimmed: 143193 times

Minimum overlap: 3
No. of allowed errors:
1-9 bp: 0; 10-19 bp: 1; 20-29 bp: 2; 30-33 bp: 3

Bases preceding removed adapters:
  A: 29.2%
  C: 32.0%
  G: 22.0%
  T: 16.7%
  none/other: 0.1%

Overview of removed sequences
length	count	expect	max.err	error counts
3	4641	4057.0	0	4641
4	3256	1014.2	0	3256
5	3005	253.6	0	3005
6	2108	63.4	0	2108
7	1877	15.8	0	1877
8	1896	4.0	0	1896
9	1999	1.0	0	1980 19
10	1833	0.2	1	1805 28
11	1851	0.1	1	1823 28
12	1739	0.0	1	1697 42
13	1672	0.0	1	1619 53
14	1813	0.0	1	1762 51
15	1954	0.0	1	1886 68
16	2123	0.0	1	2045 78
17	2088	0.0	1	2017 71
18	1966	0.0	1	1881 82 3
19	1726	0.0	1	1637 82 7
20	1801	0.0	2	1704 89 8
21	1726	0.0	2	1637 81 8
22	1706	0.0	2	1619 85 2
23	1685	0.0	2	1573 108 4
24	1845	0.0	2	1758 78 9
25	1801	0.0	2	1677 115 9
26	1961	0.0	2	1831 123 7
27	1827	0.0	2	1689 126 12
28	1857	0.0	2	1724 118 12 3
29	1951	0.0	2	1790 149 11 1
30	2056	0.0	3	1904 133 17 2
31	2015	0.0	3	1862 140 11 2
32	3177	0.0	3	2890 257 22 8
33	2149	0.0	3	1973 156 17 3
34	2317	0.0	3	2146 152 16 3
35	2585	0.0	3	2380 185 19 1
36	2624	0.0	3	2397 199 26 2
37	5047	0.0	3	4639 367 35 6
38	6049	0.0	3	5580 414 52 3
39	5673	0.0	3	5174 459 35 5
40	5494	0.0	3	5002 445 42 5
41	3204	0.0	3	2931 253 20
42	2626	0.0	3	2470 145 10 1
43	1209	0.0	3	1105 97 6 1
44	1233	0.0	3	1133 93 7
45	1675	0.0	3	1541 121 12 1
46	1838	0.0	3	1673 149 16
47	1686	0.0	3	1539 128 16 3
48	1669	0.0	3	1524 136 7 2
49	1732	0.0	3	1600 117 14 1
50	1941	0.0	3	1800 131 6 4
51	1602	0.0	3	1470 119 11 2
52	1603	0.0	3	1478 113 8 4
53	1782	0.0	3	1638 129 13 2
54	1578	0.0	3	1465 100 13
55	1403	0.0	3	1281 107 11 4
56	1709	0.0	3	1543 145 17 4
57	1845	0.0	3	1685 149 11
58	1158	0.0	3	1050 93 13 2
59	1099	0.0	3	990 103 6
60	1013	0.0	3	930 75 7 1
61	960	0.0	3	878 72 9 1
62	1096	0.0	3	1014 76 5 1
63	1064	0.0	3	985 73 6
64	1504	0.0	3	1366 127 8 3
65	1048	0.0	3	954 83 8 3
66	744	0.0	3	680 56 7 1
67	742	0.0	3	659 76 6 1
68	870	0.0	3	793 76 1
69	736	0.0	3	659 71 2 4
70	721	0.0	3	645 68 8
71	1024	0.0	3	929 81 11 3
72	1070	0.0	3	974 81 14 1
73	1411	0.0	3	1281 125 5
74	1469	0.0	3	1400 65 2 2
75	123	0.0	3	111 12
76	16	0.0	3	15 0 1
77	9	0.0	3	9
78	6	0.0	3	5 1
79	3	0.0	3	3
80	3	0.0	3	3
81	4	0.0	3	4
82	5	0.0	3	5
83	4	0.0	3	4
84	4	0.0	3	4
85	4	0.0	3	4
86	3	0.0	3	3
87	6	0.0	3	5 1
88	1	0.0	3	1
89	4	0.0	3	3 1
90	5	0.0	3	4 1
91	3	0.0	3	2 1
92	7	0.0	3	7
93	8	0.0	3	7 0 0 1
94	11	0.0	3	11
95	5	0.0	3	5
96	1	0.0	3	1
100	1	0.0	3	0 1


=== Second read: Adapter 2 ===

Sequence: AGATCGGAAGAGCGTCGTGTAGGGAAAGAGTGT; Type: regular 3'; Length: 33; Trimmed: 139526 times

Minimum overlap: 3
No. of allowed errors:
1-9 bp: 0; 10-19 bp: 1; 20-29 bp: 2; 30-33 bp: 3

Bases preceding removed adapters:
  A: 19.9%
  C: 19.8%
  G: 21.2%
  T: 39.1%
  none/other: 0.1%

Overview of removed sequences
length	count	expect	max.err	error counts
3	3900	4057.0	0	3900
4	3079	1014.2	0	3079
5	3013	253.6	0	3013
6	2138	63.4	0	2138
7	1893	15.8	0	1893
8	1919	4.0	0	1919
9	2040	1.0	0	2019 21
10	1900	0.2	1	1878 22
11	1899	0.1	1	1851 48
12	1868	0.0	1	1826 42
13	1757	0.0	1	1702 55
14	1880	0.0	1	1835 45
15	1918	0.0	1	1857 61
16	2092	0.0	1	2009 83
17	2097	0.0	1	2038 59
18	1836	0.0	1	1757 78 1
19	1730	0.0	1	1664 65 1
20	1777	0.0	2	1692 81 4
21	1650	0.0	2	1570 77 3
22	1656	0.0	2	1576 79 1
23	1732	0.0	2	1652 77 3
24	1916	0.0	2	1812 95 9
25	1782	0.0	2	1677 101 4
26	1948	0.0	2	1833 112 3
27	1771	0.0	2	1673 92 6
28	1864	0.0	2	1760 100 4
29	1947	0.0	2	1786 156 5
30	2369	0.0	3	2231 133 4 1
31	1761	0.0	3	1626 128 7
32	2952	0.0	3	2719 211 18 4
33	1925	0.0	3	1786 130 9
34	2180	0.0	3	2041 128 9 2
35	2391	0.0	3	2223 152 15 1
36	2469	0.0	3	2300 161 6 2
37	4831	0.0	3	4485 322 21 3
38	5724	0.0	3	5284 412 24 4
39	5375	0.0	3	4983 362 25 5
40	4986	0.0	3	4612 349 22 3
41	2532	0.0	3	2318 196 16 2
42	2449	0.0	3	2255 181 10 3
43	1996	0.0	3	1835 149 11 1
44	1783	0.0	3	1632 136 13 2
45	2036	0.0	3	1900 131 5
46	1775	0.0	3	1660 105 10
47	1716	0.0	3	1561 141 12 2
48	1633	0.0	3	1522 104 6 1
49	1559	0.0	3	1438 112 8 1
50	1815	0.0	3	1681 123 11
51	1560	0.0	3	1444 110 3 3
52	1342	0.0	3	1241 96 4 1
53	1562	0.0	3	1423 133 6
54	1557	0.0	3	1434 118 2 3
55	1373	0.0	3	1265 99 8 1
56	1664	0.0	3	1549 109 4 2
57	1786	0.0	3	1657 124 5
58	1227	0.0	3	1126 94 6 1
59	1121	0.0	3	1040 71 8 2
60	1025	0.0	3	946 72 7
61	1010	0.0	3	922 78 9 1
62	1223	0.0	3	1119 99 5
63	1274	0.0	3	1163 101 8 2
64	1632	0.0	3	1487 135 9 1
65	1508	0.0	3	1384 119 3 2
66	1904	0.0	3	1766 124 14
67	2088	0.0	3	1875 208 5
68	3070	0.0	3	2972 90 8
69	231	0.0	3	216 14 1
70	30	0.0	3	27 3
71	7	0.0	3	7
72	9	0.0	3	9
73	3	0.0	3	3
74	3	0.0	3	2 1
75	5	0.0	3	5
76	4	0.0	3	4
77	1	0.0	3	1
78	3	0.0	3	3
79	3	0.0	3	2 1
80	3	0.0	3	3
81	1	0.0	3	1
82	1	0.0	3	1
83	3	0.0	3	2 1
84	2	0.0	3	2
85	3	0.0	3	3
86	2	0.0	3	2
87	2	0.0	3	2
88	1	0.0	3	1
89	2	0.0	3	2
90	4	0.0	3	3 1
91	4	0.0	3	3 1
92	2	0.0	3	2
93	7	0.0	3	7
94	3	0.0	3	3
95	2	0.0	3	2
