This is cutadapt 4.4 with Python 3.12.3
Command line parameters: -a AGATCGGAAGAGCACACGTCTGAACTCCAGTCA -A AGATCGGAAGAGCGTCGTGTAGGGAAAGAGTGT -q 20,20 --minimum-length 30 -j 4 -o analyses/04_rnaseq/trimming/ERR1797974.subsampled_1.trimmed.fastq.gz -p analyses/04_rnaseq/trimming/ERR1797974.subsampled_2.trimmed.fastq.gz data/raw/transcriptome/0.Raw-data/ERR1797974.subsampled_1.fastq.gz data/raw/transcriptome/0.Raw-data/ERR1797974.subsampled_2.fastq.gz
Processing paired-end reads on 4 cores ...
Finished in 3.395 s (14.587 µs/read; 4.11 M reads/minute).

=== Summary ===

Total read pairs processed:            232,777
  Read 1 with adapter:                 118,708 (51.0%)
  Read 2 with adapter:                 115,026 (49.4%)

== Read fate breakdown ==
Pairs that were too short:              10,014 (4.3%)
Pairs written (passing filters):       222,763 (95.7%)

Total basepairs processed:    46,555,400 bp
  Read 1:    23,277,700 bp
  Read 2:    23,277,700 bp
Quality-trimmed:                 910,593 bp (2.0%)
  Read 1:       216,883 bp
  Read 2:       693,710 bp
Total written (filtered):     37,302,547 bp (80.1%)
  Read 1:    18,693,706 bp
  Read 2:    18,608,841 bp

=== First read: Adapter 1 ===

Sequence: AGATCGGAAGAGCACACGTCTGAACTCCAGTCA; Type: regular 3'; Length: 33; Trimmed: 118708 times

Minimum overlap: 3
No. of allowed errors:
1-9 bp: 0; 10-19 bp: 1; 20-29 bp: 2; 30-33 bp: 3

Bases preceding removed adapters:
  A: 34.4%
  C: 32.5%
  G: 20.3%
  T: 12.5%
  none/other: 0.2%

Overview of removed sequences
length	count	expect	max.err	error counts
3	4338	3637.1	0	4338
4	2497	909.3	0	2497
5	2105	227.3	0	2105
6	1948	56.8	0	1948
7	1767	14.2	0	1767
8	1903	3.6	0	1903
9	1883	0.9	0	1868 15
10	1808	0.2	1	1775 33
11	1828	0.1	1	1785 43
12	1770	0.0	1	1732 38
13	1701	0.0	1	1662 39
14	1756	0.0	1	1703 53
15	1768	0.0	1	1714 54
16	2040	0.0	1	1987 53
17	2113	0.0	1	2031 82
18	1943	0.0	1	1884 56 3
19	1796	0.0	1	1722 73 1
20	1850	0.0	2	1775 74 1
21	1882	0.0	2	1803 75 4
22	1822	0.0	2	1736 80 6
23	1744	0.0	2	1645 95 4
24	1937	0.0	2	1850 80 7
25	1770	0.0	2	1668 95 7
26	2033	0.0	2	1930 95 8
27	1814	0.0	2	1704 101 9
28	1871	0.0	2	1750 115 6
29	1993	0.0	2	1856 128 8 1
30	1715	0.0	3	1578 122 15
31	1840	0.0	3	1723 108 7 2
32	1938	0.0	3	1761 161 14 2
33	1755	0.0	3	1634 106 13 2
34	2041	0.0	3	1915 119 6 1
35	1854	0.0	3	1722 119 10 3
36	1775	0.0	3	1650 111 13 1
37	2105	0.0	3	1940 150 12 3
38	2239	0.0	3	2081 142 14 2
39	2313	0.0	3	2124 166 17 6
40	2407	0.0	3	2205 188 11 3
41	2329	0.0	3	2154 166 8 1
42	1704	0.0	3	1605 92 5 2
43	1529	0.0	3	1417 104 6 2
44	1405	0.0	3	1288 109 7 1
45	1569	0.0	3	1454 106 8 1
46	1504	0.0	3	1409 88 7
47	1534	0.0	3	1420 104 6 4
48	1520	0.0	3	1405 105 9 1
49	1673	0.0	3	1549 112 11 1
50	1458	0.0	3	1339 105 14
51	1323	0.0	3	1214 103 6
52	1403	0.0	3	1296 99 6 2
53	1476	0.0	3	1375 93 8
54	1306	0.0	3	1220 81 5
55	1208	0.0	3	1121 83 4
56	1392	0.0	3	1269 113 8 2
57	1382	0.0	3	1297 75 7 3
58	965	0.0	3	894 62 8 1
59	1037	0.0	3	963 69 5
60	960	0.0	3	881 71 8
61	944	0.0	3	863 77 4
62	1004	0.0	3	919 78 6 1
63	991	0.0	3	916 70 4 1
64	1216	0.0	3	1137 76 3
65	831	0.0	3	752 70 9
66	746	0.0	3	680 59 6 1
67	737	0.0	3	677 57 2 1
68	767	0.0	3	706 54 7
69	757	0.0	3	700 51 5 1
70	737	0.0	3	680 52 5
71	870	0.0	3	797 59 12 2
72	1171	0.0	3	1080 86 5
73	1637	0.0	3	1510 121 6
74	1688	0.0	3	1633 52 3
75	138	0.0	3	120 18
76	18	0.0	3	15 3
77	9	0.0	3	9
78	3	0.0	3	3
79	3	0.0	3	3
80	4	0.0	3	4
81	6	0.0	3	5 1
82	7	0.0	3	6 1
83	5	0.0	3	4 1
84	4	0.0	3	4
85	3	0.0	3	2 1
86	3	0.0	3	3
87	1	0.0	3	1
88	4	0.0	3	3 1
89	4	0.0	3	3 1
90	3	0.0	3	3
91	6	0.0	3	5 0 1
92	3	0.0	3	3
93	12	0.0	3	9 3
94	21	0.0	3	21
95	9	0.0	3	8 1
96	4	0.0	3	4
97	1	0.0	3	1
98	1	0.0	3	1
100	1	0.0	3	1


=== Second read: Adapter 2 ===

Sequence: AGATCGGAAGAGCGTCGTGTAGGGAAAGAGTGT; Type: regular 3'; Length: 33; Trimmed: 115026 times

Minimum overlap: 3
No. of allowed errors:
1-9 bp: 0; 10-19 bp: 1; 20-29 bp: 2; 30-33 bp: 3

Bases preceding removed adapters:
  A: 22.1%
  C: 20.1%
  G: 25.0%
  T: 32.6%
  none/other: 0.2%

Overview of removed sequences
length	count	expect	max.err	error counts
3	3232	3637.1	0	3232
4	2385	909.3	0	2385
5	2134	227.3	0	2134
6	1951	56.8	0	1951
7	1816	14.2	0	1816
8	1947	3.6	0	1947
9	1900	0.9	0	1882 18
10	1872	0.2	1	1825 47
11	1828	0.1	1	1785 43
12	1861	0.0	1	1809 52
13	1790	0.0	1	1732 58
14	1847	0.0	1	1800 47
15	1767	0.0	1	1705 62
16	1961	0.0	1	1893 68
17	2093	0.0	1	2011 82
18	1826	0.0	1	1769 56 1
19	1795	0.0	1	1704 88 3
20	1810	0.0	2	1717 90 3
21	1789	0.0	2	1702 82 5
22	1827	0.0	2	1733 93 1
23	1756	0.0	2	1663 86 7
24	2000	0.0	2	1880 112 8
25	1708	0.0	2	1612 95 1
26	1968	0.0	2	1860 101 7
27	1781	0.0	2	1663 114 4
28	1893	0.0	2	1774 108 11
29	1893	0.0	2	1743 143 7
30	1935	0.0	3	1809 122 4
31	1561	0.0	3	1460 98 2 1
32	1762	0.0	3	1640 111 11
33	1547	0.0	3	1446 86 15
34	1707	0.0	3	1602 98 7
35	1763	0.0	3	1629 122 11 1
36	1736	0.0	3	1599 121 15 1
37	2076	0.0	3	1912 152 11 1
38	2260	0.0	3	2090 160 7 3
39	2270	0.0	3	2094 164 11 1
40	2313	0.0	3	2093 207 12 1
41	1892	0.0	3	1726 152 13 1
42	2032	0.0	3	1838 178 15 1
43	1700	0.0	3	1552 134 10 4
44	1631	0.0	3	1515 114 2
45	1794	0.0	3	1645 135 9 5
46	1357	0.0	3	1250 102 5
47	1480	0.0	3	1359 114 5 2
48	1412	0.0	3	1287 120 3 2
49	1468	0.0	3	1356 106 4 2
50	1366	0.0	3	1273 88 4 1
51	1281	0.0	3	1175 100 6
52	1151	0.0	3	1068 78 3 2
53	1245	0.0	3	1167 74 4
54	1268	0.0	3	1167 96 4 1
55	1201	0.0	3	1103 88 9 1
56	1356	0.0	3	1243 108 5
57	1320	0.0	3	1214 99 5 2
58	1060	0.0	3	977 72 9 2
59	1060	0.0	3	970 81 9
60	987	0.0	3	896 80 9 2
61	1051	0.0	3	952 89 9 1
62	1183	0.0	3	1098 77 6 2
63	1302	0.0	3	1195 101 4 2
64	1415	0.0	3	1291 110 11 3
65	1425	0.0	3	1266 145 13 1
66	2156	0.0	3	1984 156 15 1
67	2043	0.0	3	1876 163 4
68	2687	0.0	3	2610 76 1
69	220	0.0	3	199 20 1
70	33	0.0	3	28 4 1
71	8	0.0	3	8
72	7	0.0	3	6 1
73	3	0.0	3	2 1
74	4	0.0	3	2 2
75	3	0.0	3	3
76	5	0.0	3	5
77	2	0.0	3	2
78	1	0.0	3	1
79	3	0.0	3	2 1
80	4	0.0	3	2 2
81	4	0.0	3	4
82	1	0.0	3	1
83	4	0.0	3	4
84	4	0.0	3	2 2
85	2	0.0	3	0 1 1
86	1	0.0	3	1
87	3	0.0	3	2 1
88	1	0.0	3	1
89	2	0.0	3	2
90	3	0.0	3	3
91	1	0.0	3	1
92	2	0.0	3	2
93	5	0.0	3	4 1
94	6	0.0	3	5 1
95	5	0.0	3	5
96	4	0.0	3	2 1 1
97	2	0.0	3	2
