This is cutadapt 4.4 with Python 3.12.3
Command line parameters: -a AGATCGGAAGAGCACACGTCTGAACTCCAGTCA -A AGATCGGAAGAGCGTCGTGTAGGGAAAGAGTGT -q 20,20 --minimum-length 30 -j 4 -o analyses/04_rnaseq/trimming/ERR1797971.subsampled_1.trimmed.fastq.gz -p analyses/04_rnaseq/trimming/ERR1797971.subsampled_2.trimmed.fastq.gz data/raw/transcriptome/0.Raw-data/ERR1797971.subsampled_1.fastq.gz data/raw/transcriptome/0.Raw-data/ERR1797971.subsampled_2.fastq.gz
Processing paired-end reads on 4 cores ...
Finished in 3.843 s (13.899 µs/read; 4.32 M reads/minute).

=== Summary ===

Total read pairs processed:            276,469
  Read 1 with adapter:                 149,485 (54.1%)
  Read 2 with adapter:                 145,076 (52.5%)

== Read fate breakdown ==
Pairs that were too short:              13,974 (5.1%)
Pairs written (passing filters):       262,495 (94.9%)

Total basepairs processed:    55,293,800 bp
  Read 1:    27,646,900 bp
  Read 2:    27,646,900 bp
Quality-trimmed:               1,128,537 bp (2.0%)
  Read 1:       261,446 bp
  Read 2:       867,091 bp
Total written (filtered):     42,825,308 bp (77.5%)
  Read 1:    21,456,967 bp
  Read 2:    21,368,341 bp

=== First read: Adapter 1 ===

Sequence: AGATCGGAAGAGCACACGTCTGAACTCCAGTCA; Type: regular 3'; Length: 33; Trimmed: 149485 times

Minimum overlap: 3
No. of allowed errors:
1-9 bp: 0; 10-19 bp: 1; 20-29 bp: 2; 30-33 bp: 3

Bases preceding removed adapters:
  A: 29.7%
  C: 34.2%
  G: 18.6%
  T: 17.4%
  none/other: 0.1%

Overview of removed sequences
length	count	expect	max.err	error counts
3	4812	4319.8	0	4812
4	3217	1080.0	0	3217
5	2971	270.0	0	2971
6	2169	67.5	0	2169
7	1688	16.9	0	1688
8	1916	4.2	0	1916
9	1958	1.1	0	1940 18
10	1740	0.3	1	1698 42
11	1721	0.1	1	1689 32
12	1653	0.0	1	1622 31
13	1542	0.0	1	1490 52
14	1610	0.0	1	1572 38
15	1699	0.0	1	1635 64
16	1870	0.0	1	1802 68
17	1978	0.0	1	1924 54
18	1779	0.0	1	1708 69 2
19	1635	0.0	1	1566 64 5
20	1634	0.0	2	1555 69 10
21	1509	0.0	2	1415 89 5
22	1506	0.0	2	1429 71 6
23	1518	0.0	2	1450 62 6
24	1637	0.0	2	1541 88 8
25	1563	0.0	2	1480 80 3
26	1749	0.0	2	1641 97 11
27	1651	0.0	2	1552 86 12 1
28	1690	0.0	2	1560 118 12
29	1771	0.0	2	1655 108 7 1
30	1813	0.0	3	1683 118 12
31	1822	0.0	3	1699 105 14 4
32	3057	0.0	3	2841 188 24 4
33	2001	0.0	3	1858 133 8 2
34	2226	0.0	3	2058 146 19 3
35	2354	0.0	3	2146 188 17 3
36	2785	0.0	3	2563 189 25 8
37	5707	0.0	3	5286 381 33 7
38	7188	0.0	3	6687 456 37 8
39	5746	0.0	3	5319 383 36 8
40	5971	0.0	3	5513 407 49 2
41	2940	0.0	3	2728 200 11 1
42	2336	0.0	3	2195 122 17 2
43	1531	0.0	3	1392 123 13 3
44	1285	0.0	3	1170 103 8 4
45	1754	0.0	3	1624 107 21 2
46	1722	0.0	3	1603 105 12 2
47	1711	0.0	3	1589 112 10
48	1743	0.0	3	1615 112 14 2
49	1967	0.0	3	1834 124 7 2
50	2076	0.0	3	1898 163 13 2
51	1712	0.0	3	1555 143 13 1
52	1745	0.0	3	1607 121 16 1
53	2120	0.0	3	1979 123 14 4
54	1757	0.0	3	1610 129 14 4
55	1719	0.0	3	1600 111 5 3
56	2065	0.0	3	1890 157 15 3
57	2236	0.0	3	2072 143 18 3
58	1288	0.0	3	1188 91 9
59	1317	0.0	3	1224 85 8
60	1096	0.0	3	988 101 6 1
61	1155	0.0	3	1077 66 9 3
62	1177	0.0	3	1074 94 8 1
63	1221	0.0	3	1129 82 9 1
64	1884	0.0	3	1738 126 16 4
65	1271	0.0	3	1168 87 15 1
66	994	0.0	3	918 63 9 4
67	1044	0.0	3	948 86 7 3
68	1344	0.0	3	1232 103 4 5
69	1119	0.0	3	1022 87 9 1
70	1018	0.0	3	929 74 11 4
71	1525	0.0	3	1388 123 11 3
72	1703	0.0	3	1530 153 17 3
73	2346	0.0	3	2158 183 5
74	2337	0.0	3	2224 107 5 1
75	174	0.0	3	150 20 4
76	15	0.0	3	13 2
77	9	0.0	3	8 1
78	9	0.0	3	9
79	3	0.0	3	3
80	11	0.0	3	9 2
81	10	0.0	3	10
82	7	0.0	3	5 2
83	6	0.0	3	4 2
84	5	0.0	3	4 1
85	8	0.0	3	7 1
86	8	0.0	3	5 1 2
87	8	0.0	3	8
88	9	0.0	3	9
89	8	0.0	3	8
90	4	0.0	3	4
91	8	0.0	3	8
92	10	0.0	3	8 2
93	15	0.0	3	13 2
94	16	0.0	3	13 2 1
95	14	0.0	3	11 3
96	5	0.0	3	5
97	2	0.0	3	2
98	1	0.0	3	1
99	3	0.0	3	2 1
100	3	0.0	3	3


=== Second read: Adapter 2 ===

Sequence: AGATCGGAAGAGCGTCGTGTAGGGAAAGAGTGT; Type: regular 3'; Length: 33; Trimmed: 145076 times

Minimum overlap: 3
No. of allowed errors:
1-9 bp: 0; 10-19 bp: 1; 20-29 bp: 2; 30-33 bp: 3

Bases preceding removed adapters:
  A: 18.6%
  C: 20.4%
  G: 22.3%
  T: 38.6%
  none/other: 0.1%

Overview of removed sequences
length	count	expect	max.err	error counts
3	3962	4319.8	0	3962
4	2989	1080.0	0	2989
5	3014	270.0	0	3014
6	2209	67.5	0	2209
7	1708	16.9	0	1708
8	1915	4.2	0	1915
9	2030	1.1	0	2009 21
10	1770	0.3	1	1734 36
11	1791	0.1	1	1733 58
12	1768	0.0	1	1728 40
13	1625	0.0	1	1583 42
14	1699	0.0	1	1655 44
15	1675	0.0	1	1599 76
16	1823	0.0	1	1753 70
17	1963	0.0	1	1885 78
18	1646	0.0	1	1586 60
19	1656	0.0	1	1570 85 1
20	1593	0.0	2	1504 85 4
21	1439	0.0	2	1352 86 1
22	1503	0.0	2	1429 71 3
23	1561	0.0	2	1475 83 3
24	1726	0.0	2	1600 113 13
25	1580	0.0	2	1481 95 4
26	1766	0.0	2	1656 108 2
27	1643	0.0	2	1546 90 6 1
28	1710	0.0	2	1609 95 6
29	1759	0.0	2	1622 128 9
30	2155	0.0	3	2021 124 8 2
31	1641	0.0	3	1521 112 7 1
32	2837	0.0	3	2643 176 18
33	1758	0.0	3	1653 95 9 1
34	2016	0.0	3	1868 138 9 1
35	2205	0.0	3	2021 166 16 2
36	2427	0.0	3	2222 186 17 2
37	5139	0.0	3	4735 380 22 2
38	6112	0.0	3	5589 491 30 2
39	6014	0.0	3	5558 416 32 8
40	5892	0.0	3	5400 461 28 3
41	2594	0.0	3	2371 206 15 2
42	2496	0.0	3	2304 176 14 2
43	2044	0.0	3	1865 170 9
44	1679	0.0	3	1520 149 10
45	2064	0.0	3	1910 143 11
46	1674	0.0	3	1559 107 8
47	1702	0.0	3	1547 146 8 1
48	1700	0.0	3	1551 139 8 2
49	1754	0.0	3	1625 120 8 1
50	1943	0.0	3	1777 157 9
51	1690	0.0	3	1555 125 6 4
52	1462	0.0	3	1331 123 7 1
53	1828	0.0	3	1660 157 10 1
54	1720	0.0	3	1575 137 7 1
55	1674	0.0	3	1542 117 13 2
56	2001	0.0	3	1873 118 10
57	2116	0.0	3	1977 135 4
58	1380	0.0	3	1249 121 10
59	1336	0.0	3	1230 101 5
60	1146	0.0	3	1039 100 7
61	1294	0.0	3	1187 92 12 3
62	1370	0.0	3	1246 115 7 2
63	1695	0.0	3	1563 125 7
64	2123	0.0	3	1946 160 17
65	1954	0.0	3	1780 163 11
66	2884	0.0	3	2622 241 21
67	3064	0.0	3	2797 258 9
68	4428	0.0	3	4305 118 5
69	360	0.0	3	322 37 1
70	37	0.0	3	34 1 2
71	11	0.0	3	10 1
72	14	0.0	3	12 1 1
73	3	0.0	3	3
74	2	0.0	3	2
75	9	0.0	3	9
76	4	0.0	3	4
77	5	0.0	3	4 1
78	3	0.0	3	3
79	4	0.0	3	4
80	3	0.0	3	3
81	4	0.0	3	4
82	5	0.0	3	4 1
83	5	0.0	3	4 1
84	5	0.0	3	4 1
85	5	0.0	3	4 1
87	5	0.0	3	5
88	3	0.0	3	2 1
89	4	0.0	3	4
90	6	0.0	3	6
91	5	0.0	3	4 1
92	7	0.0	3	6 1
93	7	0.0	3	6 0 1
94	14	0.0	3	11 2 0 1
95	5	0.0	3	4 0 1
96	1	0.0	3	1
97	2	0.0	3	2
98	1	0.0	3	0 1
99	2	0.0	3	2
100	1	0.0	3	1
