This is cutadapt 4.4 with Python 3.12.3
Command line parameters: -a AGATCGGAAGAGCACACGTCTGAACTCCAGTCA -A AGATCGGAAGAGCGTCGTGTAGGGAAAGAGTGT -q 20,20 --minimum-length 30 -j 4 -o analyses/04_rnaseq/trimming/ERR1797973.subsampled_1.trimmed.fastq.gz -p analyses/04_rnaseq/trimming/ERR1797973.subsampled_2.trimmed.fastq.gz data/raw/transcriptome/0.Raw-data/ERR1797973.subsampled_1.fastq.gz data/raw/transcriptome/0.Raw-data/ERR1797973.subsampled_2.fastq.gz
Processing paired-end reads on 4 cores ...
Finished in 3.514 s (14.655 µs/read; 4.09 M reads/minute).

=== Summary ===

Total read pairs processed:            239,803
  Read 1 with adapter:                 112,512 (46.9%)
  Read 2 with adapter:                 109,114 (45.5%)

== Read fate breakdown ==
Pairs that were too short:               8,362 (3.5%)
Pairs written (passing filters):       231,441 (96.5%)

Total basepairs processed:    47,960,600 bp
  Read 1:    23,980,300 bp
  Read 2:    23,980,300 bp
Quality-trimmed:                 794,307 bp (1.7%)
  Read 1:       172,673 bp
  Read 2:       621,634 bp
Total written (filtered):     39,417,776 bp (82.2%)
  Read 1:    19,749,847 bp
  Read 2:    19,667,929 bp

=== First read: Adapter 1 ===

Sequence: AGATCGGAAGAGCACACGTCTGAACTCCAGTCA; Type: regular 3'; Length: 33; Trimmed: 112512 times

Minimum overlap: 3
No. of allowed errors:
1-9 bp: 0; 10-19 bp: 1; 20-29 bp: 2; 30-33 bp: 3

Bases preceding removed adapters:
  A: 34.9%
  C: 32.3%
  G: 20.4%
  T: 12.3%
  none/other: 0.1%

Overview of removed sequences
length	count	expect	max.err	error counts
3	4606	3746.9	0	4606
4	2458	936.7	0	2458
5	2069	234.2	0	2069
6	1814	58.5	0	1814
7	1795	14.6	0	1795
8	1824	3.7	0	1824
9	1758	0.9	0	1746 12
10	1911	0.2	1	1883 28
11	1826	0.1	1	1788 38
12	1687	0.0	1	1660 27
13	1695	0.0	1	1657 38
14	1755	0.0	1	1703 52
15	1843	0.0	1	1788 55
16	1881	0.0	1	1825 56
17	2116	0.0	1	2038 78
18	1925	0.0	1	1848 73 4
19	1846	0.0	1	1767 76 3
20	1828	0.0	2	1755 67 6
21	1740	0.0	2	1668 70 2
22	1740	0.0	2	1671 64 5
23	1674	0.0	2	1596 71 7
24	1987	0.0	2	1911 71 5
25	1793	0.0	2	1704 82 7
26	1982	0.0	2	1858 116 8
27	1758	0.0	2	1636 114 6 2
28	1647	0.0	2	1535 103 9
29	1816	0.0	2	1660 149 6 1
30	1618	0.0	3	1464 148 5 1
31	1656	0.0	3	1528 120 5 3
32	1799	0.0	3	1634 146 18 1
33	1562	0.0	3	1423 126 10 3
34	1717	0.0	3	1562 147 8
35	1625	0.0	3	1465 145 12 3
36	1693	0.0	3	1532 149 11 1
37	1942	0.0	3	1743 187 10 2
38	2220	0.0	3	2000 200 19 1
39	2175	0.0	3	1972 182 18 3
40	2301	0.0	3	2081 199 19 2
41	2005	0.0	3	1816 176 10 3
42	1647	0.0	3	1491 145 7 4
43	1364	0.0	3	1203 145 13 3
44	1331	0.0	3	1189 136 6
45	1518	0.0	3	1371 137 9 1
46	1348	0.0	3	1211 128 7 2
47	1383	0.0	3	1255 110 17 1
48	1414	0.0	3	1291 110 11 2
49	1548	0.0	3	1394 142 11 1
50	1346	0.0	3	1246 92 8
51	1262	0.0	3	1136 117 8 1
52	1386	0.0	3	1258 125 3
53	1378	0.0	3	1243 126 7 2
54	1220	0.0	3	1099 113 7 1
55	1229	0.0	3	1118 105 5 1
56	1340	0.0	3	1192 137 10 1
57	1292	0.0	3	1164 118 9 1
58	918	0.0	3	828 86 4
59	966	0.0	3	879 79 6 2
60	871	0.0	3	795 68 8
61	934	0.0	3	850 79 3 2
62	936	0.0	3	843 82 10 1
63	902	0.0	3	808 83 8 3
64	1152	0.0	3	1039 105 4 4
65	819	0.0	3	745 72 2
66	670	0.0	3	590 75 3 2
67	713	0.0	3	631 70 9 3
68	799	0.0	3	724 67 6 2
69	698	0.0	3	650 39 7 2
70	652	0.0	3	584 60 7 1
71	721	0.0	3	648 63 8 2
72	895	0.0	3	812 76 6 1
73	1251	0.0	3	1141 108 2
74	1336	0.0	3	1248 84 4
75	89	0.0	3	78 11
76	18	0.0	3	18
77	4	0.0	3	3 0 1
78	2	0.0	3	2
79	3	0.0	3	3
80	3	0.0	3	2 1
81	5	0.0	3	3 2
82	8	0.0	3	7 1
83	3	0.0	3	3
84	2	0.0	3	2
85	4	0.0	3	4
86	2	0.0	3	2
87	1	0.0	3	1
88	4	0.0	3	4
89	3	0.0	3	2 1
90	4	0.0	3	3 1
91	2	0.0	3	2
92	7	0.0	3	6 1
93	2	0.0	3	2
94	6	0.0	3	4 2
95	7	0.0	3	6 1
96	6	0.0	3	5 1
100	1	0.0	3	1


=== Second read: Adapter 2 ===

Sequence: AGATCGGAAGAGCGTCGTGTAGGGAAAGAGTGT; Type: regular 3'; Length: 33; Trimmed: 109114 times

Minimum overlap: 3
No. of allowed errors:
1-9 bp: 0; 10-19 bp: 1; 20-29 bp: 2; 30-33 bp: 3

Bases preceding removed adapters:
  A: 22.0%
  C: 20.2%
  G: 24.5%
  T: 33.3%
  none/other: 0.1%

Overview of removed sequences
length	count	expect	max.err	error counts
3	3451	3746.9	0	3451
4	2345	936.7	0	2345
5	2090	234.2	0	2090
6	1860	58.5	0	1860
7	1788	14.6	0	1788
8	1836	3.7	0	1836
9	1825	0.9	0	1808 17
10	1933	0.2	1	1886 47
11	1851	0.1	1	1810 41
12	1766	0.0	1	1724 42
13	1757	0.0	1	1696 61
14	1813	0.0	1	1754 59
15	1789	0.0	1	1706 83
16	1872	0.0	1	1814 58
17	2095	0.0	1	2024 71
18	1806	0.0	1	1748 56 2
19	1829	0.0	1	1759 68 2
20	1758	0.0	2	1674 80 4
21	1672	0.0	2	1585 86 1
22	1686	0.0	2	1582 100 4
23	1727	0.0	2	1644 81 2
24	2027	0.0	2	1903 118 6
25	1750	0.0	2	1642 103 5
26	1949	0.0	2	1836 107 6
27	1767	0.0	2	1662 103 2
28	1684	0.0	2	1560 117 7
29	1759	0.0	2	1639 115 5
30	1830	0.0	3	1692 131 7
31	1461	0.0	3	1351 104 6
32	1681	0.0	3	1563 114 4
33	1432	0.0	3	1328 99 4 1
34	1576	0.0	3	1477 92 6 1
35	1542	0.0	3	1430 102 9 1
36	1555	0.0	3	1421 126 8
37	1876	0.0	3	1727 133 16
38	2093	0.0	3	1923 160 10
39	2154	0.0	3	1986 154 12 2
40	2203	0.0	3	2017 174 12
41	1706	0.0	3	1576 123 7
42	1801	0.0	3	1666 124 11
43	1554	0.0	3	1433 108 9 4
44	1553	0.0	3	1411 126 13 3
45	1707	0.0	3	1588 113 5 1
46	1248	0.0	3	1161 78 8 1
47	1367	0.0	3	1259 100 7 1
48	1315	0.0	3	1226 81 8
49	1357	0.0	3	1258 89 10
50	1269	0.0	3	1177 87 3 2
51	1197	0.0	3	1115 78 3 1
52	1163	0.0	3	1072 87 3 1
53	1192	0.0	3	1095 92 5
54	1201	0.0	3	1099 96 6
55	1212	0.0	3	1127 82 1 2
56	1288	0.0	3	1181 105 2
57	1195	0.0	3	1110 76 9
58	985	0.0	3	915 64 4 2
59	969	0.0	3	898 64 7
60	899	0.0	3	837 59 3
61	996	0.0	3	906 83 5 2
62	1068	0.0	3	985 75 7 1
63	1100	0.0	3	1010 80 7 3
64	1263	0.0	3	1159 98 6
65	1199	0.0	3	1082 109 7 1
66	1736	0.0	3	1592 129 14 1
67	1833	0.0	3	1648 182 3
68	2552	0.0	3	2460 89 3
69	227	0.0	3	208 18 1
70	22	0.0	3	21 0 0 1
71	4	0.0	3	4
72	3	0.0	3	3
73	5	0.0	3	5
74	4	0.0	3	4
75	1	0.0	3	1
76	2	0.0	3	2
77	5	0.0	3	5
78	4	0.0	3	3 1
79	2	0.0	3	2
81	2	0.0	3	2
82	1	0.0	3	1
84	3	0.0	3	3
87	2	0.0	3	2
88	2	0.0	3	2
89	1	0.0	3	1
91	4	0.0	3	4
94	2	0.0	3	2
95	2	0.0	3	2
98	1	0.0	3	1
100	2	0.0	3	2
